range.h:24:6:HAL_TIM_PeriodElapsedCallback	16	static
range.h:32:6:HAL_GPIO_EXTI_Callback	24	static
range.h:51:5:Get_Range	8	static
gui.h:45:6:gui_config	8	static
gui.h:56:6:main_menu	8	static
gui.h:65:6:setting_menu	8	static
gui.h:85:6:set_menu	16	static
gui.h:115:6:set	16	static
gui.h:236:6:setting	8	static
gui.h:274:6:run	40	static
gui.h:360:6:manual	8	static
gui.h:386:6:gui	8	static
main.c:73:5:main	8	static
main.c:127:6:SystemClock_Config	80	static
main.c:165:13:MX_IWDG_Init	8	static
main.c:194:13:MX_TIM14_Init	8	static
main.c:225:13:MX_GPIO_Init	48	static
main.c:292:6:Error_Handler	8	static
